Ctrl-z stops sleep 60 processs
jobs lists stopped sleep 60 process
jobs -l lists pid of stopped sleep 60 process
jobs -p lists process group of stopped sleep 60 process
bg brings last stopped process to background
Warning before exit for stopped jobs works
